// Jest Snapshot v1, https://goo.gl/fbAQLP

exports[`CartDropdown component Should_MatchSnapshot 1`] = `
<div>
  <div
    class="container"
  >
    <div
      class="cart-items"
    />
    <button
      aria-label="button"
      class="container"
      type="button"
    >
      CHECKOUT
    </button>
  </div>
</div>
`;
